]0;/home/chencanyi2018/Rstudio_ccy/ImageSegment]0;chencanyi2018@server2: ~/Rstudio_ccy/ImageSegment[01;32mchencanyi2018@server2[00m:[01;34m~/Rstudio_ccy/ImageSegment[00m$ [K]0;chencanyi2018@server2: ~/Rstudio_ccy/ImageSegment[01;32mchencanyi2018@server2[00m:[01;34m~/Rstudio_ccy/ImageSegment[00m$ cd ..
]0;/home/chencanyi2018/Rstudio_ccy]0;chencanyi2018@server2: ~/Rstudio_ccy[01;32mchencanyi2018@server2[00m:[01;34m~/Rstudio_ccy[00m$ cd ImageSegment/
]0;/home/chencanyi2018/Rstudio_ccy/ImageSegment]0;chencanyi2018@server2: ~/Rstudio_ccy/ImageSegment[01;32mchencanyi2018@server2[00m:[01;34m~/Rstudio_ccy/ImageSegment[00m$ git remote add origin git@github.com:ccybnumath/Segmen t.git
fatal: Not a git repository (or any of the parent directories): .git
]0;/home/chencanyi2018/Rstudio_ccy/ImageSegment]0;chencanyi2018@server2: ~/Rstudio_ccy/ImageSegment[01;32mchencanyi2018@server2[00m:[01;34m~/Rstudio_ccy/ImageSegment[00m$ git init
Initialized empty Git repository in /home/chencanyi2018/Rstudio_ccy/ImageSegment/.git/
]0;/home/chencanyi2018/Rstudio_ccy/ImageSegment]0;chencanyi2018@server2: ~/Rstudio_ccy/ImageSegment[01;32mchencanyi2018@server2[00m:[01;34m~/Rstudio_ccy/ImageSegment[00m$ git initremote add origin git@github.com:ccybnumath/Segmentt.git
]0;/home/chencanyi2018/Rstudio_ccy/ImageSegment]0;chencanyi2018@server2: ~/Rstudio_ccy/ImageSegment[01;32mchencanyi2018@server2[00m:[01;34m~/Rstudio_ccy/ImageSegment[00m$ git commit -m "create package ImageSen[Kgment"
On branch master

Initial commit

Untracked files:
	[31m.Rbuildignore[m
	[31m.Rproj.user/[m
	[31mDESCRIPTION[m
	[31mImageSegment.Rproj[m
	[31mNAMESPACE[m
	[31mR/[m
	[31mman/[m
	[31mpotts.jpg[m
	[31msrc/[m
	[31mtest.jpg[m

nothing added to commit but untracked files present
]0;/home/chencanyi2018/Rstudio_ccy/ImageSegment]0;chencanyi2018@server2: ~/Rstudio_ccy/ImageSegment[01;32mchencanyi2018@server2[00m:[01;34m~/Rstudio_ccy/ImageSegment[00m$ git[K[K[Kgit add .
]0;/home/chencanyi2018/Rstudio_ccy/ImageSegment]0;chencanyi2018@server2: ~/Rstudio_ccy/ImageSegment[01;32mchencanyi2018@server2[00m:[01;34m~/Rstudio_ccy/ImageSegment[00m$ git add .commit -m "create package ImageSegment"
[master (root-commit) b6218a7] create package ImageSegment
 49 files changed, 1048 insertions(+)
 create mode 100644 .Rbuildignore
 create mode 100644 .Rproj.user/B1473B3/console06/7F258543
 create mode 100644 .Rproj.user/B1473B3/console06/7F258543.env
 create mode 100644 .Rproj.user/B1473B3/console06/INDEX001
 create mode 100644 .Rproj.user/B1473B3/cpp-complilation-config
 create mode 100644 .Rproj.user/B1473B3/cpp-definition-cache
 create mode 100644 .Rproj.user/B1473B3/pcs/debug-breakpoints.pper
 create mode 100644 .Rproj.user/B1473B3/pcs/files-pane.pper
 create mode 100644 .Rproj.user/B1473B3/pcs/source-pane.pper
 create mode 100644 .Rproj.user/B1473B3/pcs/windowlayoutstate.pper
 create mode 100644 .Rproj.user/B1473B3/pcs/workbench-pane.pper
 create mode 100644 .Rproj.user/B1473B3/persistent-state
 create mode 100644 .Rproj.user/B1473B3/saved_source_markers
 create mode 100644 .Rproj.user/B1473B3/sources/prop/500F46EF
 create mode 100644 .Rproj.user/B1473B3/sources/prop/74D84764
 create mode 100644 .Rproj.user/B1473B3/sources/prop/769EF32A
 create mode 100644 .Rproj.user/B1473B3/sources/prop/777B3686
 create mode 100644 .Rproj.user/B1473B3/sources/prop/A9B3A475
 create mode 100644 .Rproj.user/B1473B3/sources/prop/C26B28CF
 create mode 100644 .Rproj.user/B1473B3/sources/prop/FD942AB4
 create mode 100644 .Rproj.user/B1473B3/sources/prop/INDEX
 create mode 100644 .Rproj.user/B1473B3/sources/s-a343a8d6/27DC37DB
 create mode 100644 .Rproj.user/B1473B3/sources/s-a343a8d6/27DC37DB-contents
 create mode 100644 .Rproj.user/B1473B3/sources/s-a343a8d6/325A4DB1
 create mode 100644 .Rproj.user/B1473B3/sources/s-a343a8d6/325A4DB1-contents
 create mode 100644 .Rproj.user/B1473B3/sources/s-a343a8d6/496B0C68
 create mode 100644 .Rproj.user/B1473B3/sources/s-a343a8d6/496B0C68-contents
 create mode 100644 .Rproj.user/B1473B3/sources/s-a343a8d6/77571983-contents
 create mode 100644 .Rproj.user/B1473B3/sources/s-a343a8d6/B361D288
 create mode 100644 .Rproj.user/B1473B3/sources/s-a343a8d6/B361D288-contents
 create mode 100644 .Rproj.user/B1473B3/sources/s-a343a8d6/BAD80052-contents
 create mode 100644 .Rproj.user/B1473B3/sources/s-a343a8d6/CAD7C2E3-contents
 create mode 100644 .Rproj.user/B1473B3/sources/s-a343a8d6/lock_file
 create mode 100644 .Rproj.user/shared/notebooks/patch-chunk-names
 create mode 100644 .Rproj.user/shared/notebooks/paths
 create mode 100644 DESCRIPTION
 create mode 100644 ImageSegment.Rproj
 create mode 100644 NAMESPACE
 create mode 100644 R/RcppExports.R
 create mode 100644 man/ImageSegment-package.Rd
 create mode 100644 potts.jpg
 create mode 100755 src/ImageSegment.so
 create mode 100644 src/Makevars
 create mode 100644 src/Makevars.win
 create mode 100644 src/RcppExports.cpp
 create mode 100644 src/RcppExports.o
 create mode 100644 src/real_final.cpp
 create mode 100644 src/real_final.o
 create mode 100644 test.jpg
]0;/home/chencanyi2018/Rstudio_ccy/ImageSegment]0;chencanyi2018@server2: ~/Rstudio_ccy/ImageSegment[01;32mchencanyi2018@server2[00m:[01;34m~/Rstudio_ccy/ImageSegment[00m$ git push origin master
To git@github.com:ccybnumath/Segment.git
 ! [rejected]        master -> master (fetch first)
error: failed to push some refs to 'git@github.com:ccybnumath/Segment.git'
hint: Updates were rejected because the remote contains work that you do
hint: not have locally. This is usually caused by another repository pushing
hint: to the same ref. You may want to first integrate the remote changes
hint: (e.g., 'git pull ...') before pushing again.
hint: See the 'Note about fast-forwards' in 'git push --help' for details.
git push origin master
To git@github.com:ccybnumath/Segment.git
 ! [rejected]        master -> master (fetch first)
error: failed to push some refs to 'git@github.com:ccybnumath/Segment.git'
hint: Updates were rejected because the remote contains work that you do
hint: not have locally. This is usually caused by another repository pushing
hint: to the same ref. You may want to first integrate the remote changes
hint: (e.g., 'git pull ...') before pushing again.
hint: See the 'Note about fast-forwards' in 'git push --help' for details.
]0;/home/chencanyi2018/Rstudio_ccy/ImageSegment]0;chencanyi2018@server2: ~/Rstudio_ccy/ImageSegment[01;32mchencanyi2018@server2[00m:[01;34m~/Rstudio_ccy/ImageSegment[00m$ git pull
warning: no common commits
remote: Enumerating objects: 3, done.[K
remote: Counting objects:  33% (1/3)   [Kremote: Counting objects:  66% (2/3)   [Kremote: Counting objects: 100% (3/3)   [Kremote: Counting objects: 100% (3/3), done.[K
remote: Total 3 (delta 0), reused 0 (delta 0), pack-reused 0[K
Unpacking objects:  33% (1/3)   Unpacking objects:  66% (2/3)   Unpacking objects: 100% (3/3)   Unpacking objects: 100% (3/3), done.
From github.com:ccybnumath/Segment
 * [new branch]      master     -> origin/master
There is no tracking information for the current branch.
Please specify which branch you want to merge with.
See git-pull(1) for details.

    git pull <remote> <branch>

If you wish to set tracking information for this branch you can do so with:

    git branch --set-upstream-to=origin/<branch> master

]0;/home/chencanyi2018/Rstudio_ccy/ImageSegment]0;chencanyi2018@server2: ~/Rstudio_ccy/ImageSegment[01;32mchencanyi2018@server2[00m:[01;34m~/Rstudio_ccy/ImageSegment[00m$ git pullsh origin master[K]0;chencanyi2018@server2: ~/Rstudio_ccy/ImageSegment[01;32mchencanyi2018@server2[00m:[01;34m~/Rstudio_ccy/ImageSegment[00m$ git push origin masterll[K[K[K[K[K[K[K[K[Kgit push -u origin master
To git@github.com:ccybnumath/Segment.git
 ! [rejected]        master -> master (non-fast-forward)
error: failed to push some refs to 'git@github.com:ccybnumath/Segment.git'
hint: Updates were rejected because the tip of your current branch is behind
hint: its remote counterpart. Integrate the remote changes (e.g.
hint: 'git pull ...') before pushing again.
hint: See the 'Note about fast-forwards' in 'git push --help' for details.
]0;/home/chencanyi2018/Rstudio_ccy/ImageSegment]0;chencanyi2018@server2: ~/Rstudio_ccy/ImageSegment[01;32mchencanyi2018@server2[00m:[01;34m~/Rstudio_ccy/ImageSegment[00m$ git[K[K[K[K]0;chencanyi2018@server2: ~/Rstudio_ccy/ImageSegment[01;32mchencanyi2018@server2[00m:[01;34m~/Rstudio_ccy/ImageSegment[00m$ git pull
There is no tracking information for the current branch.
Please specify which branch you want to merge with.
See git-pull(1) for details.

    git pull <remote> <branch>

If you wish to set tracking information for this branch you can do so with:

    git branch --set-upstream-to=origin/<branch> master

]0;/home/chencanyi2018/Rstudio_ccy/ImageSegment]0;chencanyi2018@server2: ~/Rstudio_ccy/ImageSegment[01;32mchencanyi2018@server2[00m:[01;34m~/Rstudio_ccy/ImageSegment[00m$ git branck[Kh --set0p[K[K-pu[K[Kupstream-to=origin/master
Branch master set up to track remote branch master from origin.
]0;/home/chencanyi2018/Rstudio_ccy/ImageSegment]0;chencanyi2018@server2: ~/Rstudio_ccy/ImageSegment[01;32mchencanyi2018@server2[00m:[01;34m~/Rstudio_ccy/ImageSegment[00m$ git branch --set-upstream-to=origin/masterpull[K
Merge made by the 'recursive' strategy.
 README.md | 1 [32m+[m
 1 file changed, 1 insertion(+)
 create mode 100644 README.md
]0;/home/chencanyi2018/Rstudio_ccy/ImageSegment]0;chencanyi2018@server2: ~/Rstudio_ccy/ImageSegment[01;32mchencanyi2018@server2[00m:[01;34m~/Rstudio_ccy/ImageSegment[00m$ git pullbranch --set-upstream-to=origin/masterpull[Ksh -u origin master
Counting objects: 60, done.
Delta compression using up to 32 threads.
Compressing objects:   1% (1/52)   Compressing objects:   3% (2/52)   Compressing objects:   5% (3/52)   Compressing objects:   7% (4/52)   Compressing objects:   9% (5/52)   Compressing objects:  11% (6/52)   Compressing objects:  13% (7/52)   Compressing objects:  15% (8/52)   Compressing objects:  17% (9/52)   Compressing objects:  19% (10/52)   Compressing objects:  21% (11/52)   Compressing objects:  23% (12/52)   Compressing objects:  25% (13/52)   Compressing objects:  26% (14/52)   Compressing objects:  28% (15/52)   Compressing objects:  30% (16/52)   Compressing objects:  32% (17/52)   Compressing objects:  34% (18/52)   Compressing objects:  36% (19/52)   Compressing objects:  38% (20/52)   Compressing objects:  40% (21/52)   Compressing objects:  42% (22/52)   Compressing objects:  44% (23/52)   Compressing objects:  46% (24/52)   Compressing objects:  48% (25/52)   Compressing objects:  50% (26/52)   Compressing objects:  51% (27/52)   Compressing objects:  53% (28/52)   Compressing objects:  55% (29/52)   Compressing objects:  57% (30/52)   Compressing objects:  59% (31/52)   Compressing objects:  61% (32/52)   Compressing objects:  63% (33/52)   Compressing objects:  65% (34/52)   Compressing objects:  67% (35/52)   Compressing objects:  69% (36/52)   Compressing objects:  71% (37/52)   Compressing objects:  73% (38/52)   Compressing objects:  75% (39/52)   Compressing objects:  76% (40/52)   Compressing objects:  78% (41/52)   Compressing objects:  80% (42/52)   Compressing objects:  82% (43/52)   Compressing objects:  84% (44/52)   Compressing objects:  86% (45/52)   Compressing objects:  88% (46/52)   Compressing objects:  90% (47/52)   Compressing objects:  92% (48/52)   Compressing objects:  94% (49/52)   Compressing objects:  96% (50/52)   Compressing objects:  98% (51/52)   Compressing objects: 100% (52/52)   Compressing objects: 100% (52/52), done.
Writing objects:   1% (1/60)   Writing objects:   3% (2/60)   Writing objects:   5% (3/60)   Writing objects:   6% (4/60)   Writing objects:   8% (5/60)   Writing objects:  10% (6/60)   Writing objects:  11% (7/60)   Writing objects:  13% (8/60)   Writing objects:  15% (9/60)   Writing objects:  16% (10/60)   Writing objects:  18% (11/60)   Writing objects:  20% (12/60)   Writing objects:  21% (13/60)   Writing objects:  23% (14/60)   Writing objects:  25% (15/60)   Writing objects:  26% (16/60)   Writing objects:  28% (17/60)   Writing objects:  30% (18/60)   Writing objects:  31% (19/60)   Writing objects:  33% (20/60)   Writing objects:  35% (21/60)   Writing objects:  36% (22/60)   Writing objects:  38% (23/60)   Writing objects:  40% (24/60)   Writing objects:  41% (25/60)   Writing objects:  43% (26/60)   Writing objects:  45% (27/60)   Writing objects:  46% (28/60)   Writing objects:  48% (29/60)   Writing objects:  50% (30/60)   Writing objects:  51% (31/60)   Writing objects:  53% (32/60)   Writing objects:  55% (33/60)   Writing objects:  56% (34/60)   Writing objects:  58% (35/60)   Writing objects:  60% (36/60)   Writing objects:  61% (37/60)   Writing objects:  63% (38/60)   Writing objects:  65% (39/60)   Writing objects:  66% (40/60)   Writing objects:  68% (41/60)   Writing objects:  70% (42/60)   Writing objects:  71% (43/60)   Writing objects:  73% (44/60)   Writing objects:  75% (45/60)   Writing objects:  76% (46/60)   Writing objects:  78% (47/60)   Writing objects:  80% (48/60)   Writing objects:  81% (49/60)   Writing objects:  83% (50/60)   Writing objects:  85% (51/60)   Writing objects:  86% (52/60)   Writing objects:  88% (53/60)   Writing objects:  90% (54/60)   Writing objects:  91% (55/60)   Writing objects:  93% (56/60)   Writing objects:  95% (57/60)   Writing objects:  95% (57/60), 1.30 MiB | 858.00 KiB/s   Writing objects:  96% (58/60), 1.30 MiB | 858.00 KiB/s   Writing objects:  98% (59/60), 1.30 MiB | 858.00 KiB/s   Writing objects: 100% (60/60), 1.30 MiB | 858.00 KiB/s   Writing objects: 100% (60/60), 1.87 MiB | 858.00 KiB/s, done.
Total 60 (delta 5), reused 0 (delta 0)
remote: Resolving deltas:   0% (0/5)   [Kremote: Resolving deltas:  20% (1/5)   [Kremote: Resolving deltas:  80% (4/5)   [Kremote: Resolving deltas: 100% (5/5)   [Kremote: Resolving deltas: 100% (5/5), done.[K
To git@github.com:ccybnumath/Segment.git
   0d8bf05..f90ad57  master -> master
Branch master set up to track remote branch master from origin.
[K]0;chencanyi2018@server2: ~/Rstudio_ccy/ImageSegment[01;32mchencanyi2018@server2[00m:[01;34m~/Rstudio_ccy/ImageSegment[00m$ git add .